310.geom
ERROR: 0:29: 'fromVertex' : block instance name redefinition 
ERROR: 0:33: 'fromVertex' : redefinition 
ERROR: 0:35: 'fooC' : block instance name redefinition 
ERROR: 0:41: 'EmitVertex' : no matching overloaded function found 
ERROR: 0:42: 'EndPrimitive' : no matching overloaded function found 
ERROR: 0:43: 'EmitStreamVertex' : no matching overloaded function found 
ERROR: 0:44: 'EndStreamPrimitive' : no matching overloaded function found 
ERROR: 0:47: 'gl_ClipDistance' : undeclared identifier 
ERROR: 0:47: 'gl_ClipDistance' :  left of '[' is not of type array, matrix, or vector  
ERROR: 0:48: 'gl_in' : undeclared identifier 
ERROR: 0:48: 'gl_in' :  left of '[' is not of type array, matrix, or vector  
ERROR: 0:48: 'scalar swizzle' : not supported with this profile: es
ERROR: 0:48: 'gl_ClipDistance' : vector swizzle too long 
ERROR: 0:48: 'gl_ClipDistance' : unknown swizzle selection 
ERROR: 0:48: 'gl_ClipDistance' : unknown swizzle selection 
ERROR: 0:48: 'gl_ClipDistance' : unknown swizzle selection 
ERROR: 0:48: 'gl_ClipDistance' : vector swizzle selection out of range 
ERROR: 0:48: 'expression' :  left of '[' is not of type array, matrix, or vector  
ERROR: 0:47: 'assign' :  l-value required (can't modify a const)
ERROR: 0:49: 'gl_Position' : undeclared identifier 
ERROR: 0:49: 'gl_in' :  left of '[' is not of type array, matrix, or vector  
ERROR: 0:49: 'scalar swizzle' : not supported with this profile: es
ERROR: 0:49: 'gl_Position' : vector swizzle too long 
ERROR: 0:49: 'gl_Position' : unknown swizzle selection 
ERROR: 0:49: 'gl_Position' : unknown swizzle selection 
ERROR: 0:49: 'gl_Position' : unknown swizzle selection 
ERROR: 0:49: 'gl_Position' : vector swizzle selection out of range 
ERROR: 0:51: 'gl_PrimitiveID' : undeclared identifier 
ERROR: 0:51: 'gl_PrimitiveIDIn' : undeclared identifier 
ERROR: 0:52: 'gl_Layer' : undeclared identifier 
ERROR: 0:52: 'assign' :  cannot convert from ' const int' to ' temp float'
ERROR: 0:55: 'selecting output stream' : not supported with this profile: es
ERROR: 0:62: 'max_vertices' : too large, must be less than gl_MaxGeometryOutputVertices 
ERROR: 0:62: 'max_vertices' : cannot change previously set layout value 
ERROR: 0:63: 'max_vertices' : can only apply to a standalone qualifier 
ERROR: 0:68: 'points' : cannot change previously set output primitive 
ERROR: 0:69: 'points' : cannot change previously set output primitive 
ERROR: 0:70: 'triangle_strip' : cannot apply to input 
ERROR: 0:71: 'triangle_strip' : cannot apply to: uniform
ERROR: 0:72: 'triangle_strip' : can only apply to a standalone qualifier 
ERROR: 0:73: 'triangle_strip' : can only apply to a standalone qualifier 
ERROR: 0:74: 'invocations' : can only apply to a standalone qualifier 
ERROR: 0:76: 'invocations' : can only apply to a standalone qualifier 
ERROR: 0:77: 'max_vertices' : can only apply to a standalone qualifier 
ERROR: 0:78: 'triangle_strip' : can only apply to a standalone qualifier 
ERROR: 0:81: 'lines' : cannot apply to 'out' 
ERROR: 0:83: 'triangles' : cannot change previously set input primitive 
ERROR: 0:84: 'triangles_adjacency' : cannot change previously set input primitive 
ERROR: 0:100: 'gl_MaxGeometryInputComponents' : undeclared identifier 
ERROR: 0:99: '+' :  wrong operand types: no operation '+' exists that takes a left-hand operand of type ' const mediump int' and a right operand of type ' temp float' (or there is no acceptable conversion)
ERROR: 0:101: 'gl_MaxGeometryOutputComponents' : undeclared identifier 
ERROR: 0:100: '+' :  wrong operand types: no operation '+' exists that takes a left-hand operand of type ' const mediump int' and a right operand of type ' temp float' (or there is no acceptable conversion)
ERROR: 0:102: 'gl_MaxGeometryImageUniforms' : undeclared identifier 
ERROR: 0:101: '+' :  wrong operand types: no operation '+' exists that takes a left-hand operand of type ' const mediump int' and a right operand of type ' temp float' (or there is no acceptable conversion)
ERROR: 0:103: 'gl_MaxGeometryTextureImageUnits' : undeclared identifier 
ERROR: 0:102: '+' :  wrong operand types: no operation '+' exists that takes a left-hand operand of type ' const mediump int' and a right operand of type ' temp float' (or there is no acceptable conversion)
ERROR: 0:104: 'gl_MaxGeometryOutputVertices' : undeclared identifier 
ERROR: 0:103: '+' :  wrong operand types: no operation '+' exists that takes a left-hand operand of type ' const mediump int' and a right operand of type ' temp float' (or there is no acceptable conversion)
ERROR: 0:105: 'gl_MaxGeometryTotalOutputComponents' : undeclared identifier 
ERROR: 0:104: '+' :  wrong operand types: no operation '+' exists that takes a left-hand operand of type ' const mediump int' and a right operand of type ' temp float' (or there is no acceptable conversion)
ERROR: 0:106: 'gl_MaxGeometryUniformComponents' : undeclared identifier 
ERROR: 0:105: '+' :  wrong operand types: no operation '+' exists that takes a left-hand operand of type ' const mediump int' and a right operand of type ' temp float' (or there is no acceptable conversion)
ERROR: 0:107: 'gl_MaxGeometryAtomicCounters' : undeclared identifier 
ERROR: 0:106: '+' :  wrong operand types: no operation '+' exists that takes a left-hand operand of type ' const mediump int' and a right operand of type ' temp float' (or there is no acceptable conversion)
ERROR: 0:108: 'gl_MaxGeometryAtomicCounterBuffers' : undeclared identifier 
ERROR: 0:107: '+' :  wrong operand types: no operation '+' exists that takes a left-hand operand of type ' const mediump int' and a right operand of type ' temp float' (or there is no acceptable conversion)
ERROR: 0:116: 'gl_ViewportIndex' : undeclared identifier 
ERROR: 0:117: 'gl_MaxViewports' : undeclared identifier 
ERROR: 0:119: 'gl_InvocationID' : undeclared identifier 
ERROR: 0:119: '=' :  cannot convert from ' temp float' to ' temp highp int'
ERROR: 0:123: 'lines_adjacency' : inconsistent input primitive for array size of explArrayBad
ERROR: 0:124: 'in' : type must be an array: nonArrayed
ERROR: 0:128: 'sample' : Reserved word. 
ERROR: 0:132: 'component' : not supported with this profile: es
ERROR: 0:136: 'gl_MaxGeometryVaryingComponents' : undeclared identifier 
ERROR: 0:137: 'gl_VerticesIn' : undeclared identifier 
ERROR: 0:142: 'gl_in' : undeclared identifier 
ERROR: 0:142: 'gl_in' :  left of '[' is not of type array, matrix, or vector  
ERROR: 0:142: 'scalar swizzle' : not supported with this profile: es
ERROR: 0:142: 'gl_PointSize' : vector swizzle too long 
ERROR: 0:142: 'gl_PointSize' : unknown swizzle selection 
ERROR: 0:142: 'gl_PointSize' : unknown swizzle selection 
ERROR: 0:142: 'gl_PointSize' : unknown swizzle selection 
ERROR: 0:142: 'gl_PointSize' : vector swizzle selection out of range 
ERROR: 0:143: 'gl_PointSize' : undeclared identifier 
ERROR: 0:150: 'gl_in' : undeclared identifier 
ERROR: 0:150: 'gl_in' :  left of '[' is not of type array, matrix, or vector  
ERROR: 0:150: 'scalar swizzle' : not supported with this profile: es
ERROR: 0:150: 'gl_PointSize' : vector swizzle too long 
ERROR: 0:150: 'gl_PointSize' : unknown swizzle selection 
ERROR: 0:150: 'gl_PointSize' : unknown swizzle selection 
ERROR: 0:150: 'gl_PointSize' : unknown swizzle selection 
ERROR: 0:150: 'gl_PointSize' : vector swizzle selection out of range 
ERROR: 0:151: 'gl_PointSize' : undeclared identifier 
ERROR: 94 compilation errors.  No code generated.


Shader version: 310
Requested GL_EXT_geometry_shader
Requested GL_EXT_shader_io_blocks
Requested GL_OES_geometry_point_size
invocations = 4
max_vertices = 200
input primitive = lines_adjacency
output primitive = triangle_strip
ERROR: node is still EOpNull!
0:39  Function Definition: main( ( global void)
0:39    Function Parameters: 
0:41    Sequence
0:41      Constant:
0:41        0.000000
0:42      Constant:
0:42        0.000000
0:43      Constant:
0:43        0.000000
0:44      Constant:
0:44        0.000000
0:46      move second child to first child ( temp mediump 3-component vector of float)
0:46        color: direct index for structure (layout( stream=0) out mediump 3-component vector of float)
0:46          'anon@0' (layout( stream=0) out block{layout( stream=0) out mediump 3-component vector of float color})
0:46          Constant:
0:46            0 (const uint)
0:46        color: direct index for structure ( in mediump 3-component vector of float)
0:46          direct index ( temp block{ in mediump 3-component vector of float color})
0:46            'fromV' ( in 4-element array of block{ in mediump 3-component vector of float color})
0:46            Constant:
0:46              0 (const int)
0:46          Constant:
0:46            0 (const int)
0:47      move second child to first child ( temp float)
0:47        Constant:
0:47          0.000000
0:48        Constant:
0:48          0.000000
0:49      move second child to first child ( temp float)
0:49        'gl_Position' ( temp float)
0:49        Constant:
0:49          0.000000
0:51      move second child to first child ( temp float)
0:51        'gl_PrimitiveID' ( temp float)
0:51        'gl_PrimitiveIDIn' ( temp float)
0:52      'gl_Layer' ( temp float)
0:63  Function Definition: foo(i1; ( global void)
0:63    Function Parameters: 
0:63      'a' ( in highp int)
0:65    Sequence
0:65      move second child to first child ( temp mediump 4-component vector of float)
0:65        a: direct index for structure (layout( stream=0) out mediump 4-component vector of float)
0:65          'ouuaa6' (layout( stream=0) out block{layout( stream=0) out mediump 4-component vector of float a})
0:65          Constant:
0:65            0 (const int)
0:65        Constant:
0:65          1.000000
0:65          1.000000
0:65          1.000000
0:65          1.000000
0:114  Function Definition: fooe1( ( global void)
0:114    Function Parameters: 
0:116    Sequence
0:116      'gl_ViewportIndex' ( temp float)
0:117      'gl_MaxViewports' ( temp float)
0:118      Constant:
0:118        4 (const int)
0:134  Function Definition: notHere( ( global void)
0:134    Function Parameters: 
0:136    Sequence
0:136      'gl_MaxGeometryVaryingComponents' ( temp float)
0:137      'gl_VerticesIn' ( temp float)
0:140  Function Definition: pointSize1( ( global void)
0:140    Function Parameters: 
0:142    Sequence
0:142      Sequence
0:142        move second child to first child ( temp highp float)
0:142          'ps' ( temp highp float)
0:142          Constant:
0:142            0.000000
0:143      move second child to first child ( temp highp float)
0:143        'gl_PointSize' ( temp highp float)
0:143        'ps' ( temp highp float)
0:148  Function Definition: pointSize2( ( global void)
0:148    Function Parameters: 
0:150    Sequence
0:150      Sequence
0:150        move second child to first child ( temp highp float)
0:150          'ps' ( temp highp float)
0:150          Constant:
0:150            0.000000
0:151      move second child to first child ( temp highp float)
0:151        'gl_PointSize' ( temp highp float)
0:151        'ps' ( temp highp float)
0:?   Linker Objects
0:?     'fromV' ( in 4-element array of block{ in mediump 3-component vector of float color})
0:?     'nonBlockUnsized' ( in 4-element array of mediump 4-component vector of float)
0:?     'toF' (layout( stream=0) out block{layout( stream=0) out mediump 3-component vector of float color})
0:?     'anon@0' (layout( stream=0) out block{layout( stream=0) out mediump 3-component vector of float color})
0:?     'ov4' (layout( stream=4) out mediump 4-component vector of float)
0:?     'ouuaa6' (layout( stream=0) out block{layout( stream=0) out mediump 4-component vector of float a})
0:?     'badv4' (layout( stream=0) out mediump 4-component vector of float)
0:?     'bad2v4' ( in 4-element array of mediump 4-component vector of float)
0:?     'anon@1' (layout( stream=0) out block{layout( stream=0) out highp int a})
0:?     'outbi' (layout( stream=0) out block{layout( stream=0) out highp int a, layout( stream=0) out highp int b, layout( stream=0) out highp int c})
0:?     'insn' ( in 4-element array of block{ in highp int a15})
0:?     'anon@2' (layout( stream=0) out block{layout( stream=0) out mediump float f15})
0:?     'anon@3' (layout( column_major shared) uniform block{layout( column_major shared) uniform bool b15})
0:?     'summ' ( const highp int)
0:?       240 (const int)
0:?     'explArray' ( in 4-element array of mediump 4-component vector of float)
0:?     'explArrayBad' ( in 5-element array of mediump 4-component vector of float)
0:?     'nonArrayed' ( in mediump 4-component vector of float)
0:?     'myColor1' (layout( stream=0) flat out mediump 3-component vector of float)
0:?     'myColor2' (layout( stream=0) centroid out mediump 3-component vector of float)
0:?     'centr' ( centroid in 4-element array of mediump 3-component vector of float)
0:?     'perSampleColor' (layout( stream=0) sample out mediump 4-component vector of float)
0:?     'comp' (layout( location=7 component=2) in 4-element array of mediump float)


Linked geometry stage:


Shader version: 310
Requested GL_EXT_geometry_shader
Requested GL_EXT_shader_io_blocks
Requested GL_OES_geometry_point_size
invocations = 4
max_vertices = 200
input primitive = lines_adjacency
output primitive = triangle_strip
ERROR: node is still EOpNull!
0:39  Function Definition: main( ( global void)
0:39    Function Parameters: 
0:41    Sequence
0:41      Constant:
0:41        0.000000
0:42      Constant:
0:42        0.000000
0:43      Constant:
0:43        0.000000
0:44      Constant:
0:44        0.000000
0:46      move second child to first child ( temp mediump 3-component vector of float)
0:46        color: direct index for structure (layout( stream=0) out mediump 3-component vector of float)
0:46          'anon@0' (layout( stream=0) out block{layout( stream=0) out mediump 3-component vector of float color})
0:46          Constant:
0:46            0 (const uint)
0:46        color: direct index for structure ( in mediump 3-component vector of float)
0:46          direct index ( temp block{ in mediump 3-component vector of float color})
0:46            'fromV' ( in 4-element array of block{ in mediump 3-component vector of float color})
0:46            Constant:
0:46              0 (const int)
0:46          Constant:
0:46            0 (const int)
0:47      move second child to first child ( temp float)
0:47        Constant:
0:47          0.000000
0:48        Constant:
0:48          0.000000
0:49      move second child to first child ( temp float)
0:49        'gl_Position' ( temp float)
0:49        Constant:
0:49          0.000000
0:51      move second child to first child ( temp float)
0:51        'gl_PrimitiveID' ( temp float)
0:51        'gl_PrimitiveIDIn' ( temp float)
0:52      'gl_Layer' ( temp float)
0:?   Linker Objects
0:?     'fromV' ( in 4-element array of block{ in mediump 3-component vector of float color})
0:?     'nonBlockUnsized' ( in 4-element array of mediump 4-component vector of float)
0:?     'toF' (layout( stream=0) out block{layout( stream=0) out mediump 3-component vector of float color})
0:?     'anon@0' (layout( stream=0) out block{layout( stream=0) out mediump 3-component vector of float color})
0:?     'ov4' (layout( stream=4) out mediump 4-component vector of float)
0:?     'ouuaa6' (layout( stream=0) out block{layout( stream=0) out mediump 4-component vector of float a})
0:?     'badv4' (layout( stream=0) out mediump 4-component vector of float)
0:?     'bad2v4' ( in 4-element array of mediump 4-component vector of float)
0:?     'anon@1' (layout( stream=0) out block{layout( stream=0) out highp int a})
0:?     'outbi' (layout( stream=0) out block{layout( stream=0) out highp int a, layout( stream=0) out highp int b, layout( stream=0) out highp int c})
0:?     'insn' ( in 4-element array of block{ in highp int a15})
0:?     'anon@2' (layout( stream=0) out block{layout( stream=0) out mediump float f15})
0:?     'anon@3' (layout( column_major shared) uniform block{layout( column_major shared) uniform bool b15})
0:?     'summ' ( const highp int)
0:?       240 (const int)
0:?     'explArray' ( in 4-element array of mediump 4-component vector of float)
0:?     'explArrayBad' ( in 5-element array of mediump 4-component vector of float)
0:?     'nonArrayed' ( in mediump 4-component vector of float)
0:?     'myColor1' (layout( stream=0) flat out mediump 3-component vector of float)
0:?     'myColor2' (layout( stream=0) centroid out mediump 3-component vector of float)
0:?     'centr' ( centroid in 4-element array of mediump 3-component vector of float)
0:?     'perSampleColor' (layout( stream=0) sample out mediump 4-component vector of float)
0:?     'comp' (layout( location=7 component=2) in 4-element array of mediump float)

