310.tese
ERROR: 0:7: 'vertices' : there is no such layout identifier for this stage taking an assigned value 
ERROR: 0:9: 'triangles' : cannot change previously set input primitive 
ERROR: 0:10: 'isolines' : cannot change previously set input primitive 
ERROR: 0:12: 'ccw' : cannot change previously set vertex order 
ERROR: 0:16: 'equal_spacing' : cannot change previously set vertex spacing 
ERROR: 0:17: 'fractional_even_spacing' : cannot change previously set vertex spacing 
ERROR: 0:22: 'patch' : can only use on input in tessellation-evaluation shader 
ERROR: 0:26: 'barrier' : no matching overloaded function found 
ERROR: 0:28: 'gl_MaxTessEvaluationInputComponents' : undeclared identifier 
ERROR: 0:29: 'gl_MaxTessEvaluationOutputComponents' : undeclared identifier 
ERROR: 0:30: 'gl_MaxTessEvaluationTextureImageUnits' : undeclared identifier 
ERROR: 0:31: 'gl_MaxTessEvaluationUniformComponents' : undeclared identifier 
ERROR: 0:32: 'gl_MaxTessPatchComponents' : undeclared identifier 
ERROR: 0:33: 'gl_MaxPatchVertices' : undeclared identifier 
ERROR: 0:34: 'gl_MaxTessGenLevel' : undeclared identifier 
ERROR: 0:28: '=' :  cannot convert from ' temp float' to ' temp highp int'
ERROR: 0:36: 'gl_in' : undeclared identifier 
ERROR: 0:36: 'gl_in' :  left of '[' is not of type array, matrix, or vector  
ERROR: 0:36: 'scalar swizzle' : not supported with this profile: es
ERROR: 0:36: 'gl_Position' : vector swizzle too long 
ERROR: 0:36: 'gl_Position' : unknown swizzle selection 
ERROR: 0:36: 'gl_Position' : unknown swizzle selection 
ERROR: 0:36: 'gl_Position' : unknown swizzle selection 
ERROR: 0:36: 'gl_Position' : vector swizzle selection out of range 
ERROR: 0:36: '=' :  cannot convert from ' const float' to ' temp highp 4-component vector of float'
ERROR: 0:37: 'gl_in' :  left of '[' is not of type array, matrix, or vector  
ERROR: 0:37: 'scalar swizzle' : not supported with this profile: es
ERROR: 0:37: 'gl_PointSize' : vector swizzle too long 
ERROR: 0:37: 'gl_PointSize' : unknown swizzle selection 
ERROR: 0:37: 'gl_PointSize' : unknown swizzle selection 
ERROR: 0:37: 'gl_PointSize' : unknown swizzle selection 
ERROR: 0:37: 'gl_PointSize' : vector swizzle selection out of range 
ERROR: 0:38: 'gl_in' :  left of '[' is not of type array, matrix, or vector  
ERROR: 0:38: 'scalar swizzle' : not supported with this profile: es
ERROR: 0:38: 'gl_ClipDistance' : vector swizzle too long 
ERROR: 0:38: 'gl_ClipDistance' : unknown swizzle selection 
ERROR: 0:38: 'gl_ClipDistance' : unknown swizzle selection 
ERROR: 0:38: 'gl_ClipDistance' : unknown swizzle selection 
ERROR: 0:38: 'gl_ClipDistance' : vector swizzle selection out of range 
ERROR: 0:38: 'expression' :  left of '[' is not of type array, matrix, or vector  
ERROR: 0:40: 'gl_PatchVerticesIn' : undeclared identifier 
ERROR: 0:40: '=' :  cannot convert from ' temp float' to ' temp highp int'
ERROR: 0:41: 'gl_PrimitiveID' : undeclared identifier 
ERROR: 0:41: '=' :  cannot convert from ' temp float' to ' temp highp int'
ERROR: 0:42: 'gl_TessCoord' : undeclared identifier 
ERROR: 0:42: '=' :  cannot convert from ' temp float' to ' temp highp 3-component vector of float'
ERROR: 0:43: 'gl_TessLevelOuter' : undeclared identifier 
ERROR: 0:43: 'gl_TessLevelOuter' :  left of '[' is not of type array, matrix, or vector  
ERROR: 0:44: 'gl_TessLevelInner' : undeclared identifier 
ERROR: 0:44: 'gl_TessLevelInner' :  left of '[' is not of type array, matrix, or vector  
ERROR: 0:46: 'gl_Position' : undeclared identifier 
ERROR: 0:46: 'assign' :  cannot convert from ' temp highp 4-component vector of float' to ' temp float'
ERROR: 0:47: 'gl_PointSize' : undeclared identifier 
ERROR: 0:48: 'gl_ClipDistance' : undeclared identifier 
ERROR: 0:48: 'gl_ClipDistance' :  left of '[' is not of type array, matrix, or vector  
ERROR: 0:48: 'assign' :  l-value required (can't modify a const)
ERROR: 0:51: 'patch' : cannot use interpolation qualifiers with patch 
ERROR: 0:52: 'patch' : cannot use interpolation qualifiers with patch 
ERROR: 0:53: 'noperspective' : Reserved word. 
ERROR: 0:53: 'noperspective' : not supported for this version or the enabled extensions 
ERROR: 0:53: 'patch' : cannot use interpolation qualifiers with patch 
ERROR: 0:54: 'sample' : Reserved word. 
ERROR: 0:54: '' : can only have one auxiliary qualifier (centroid, patch, and sample) 
ERROR: 0:58: 'gl_in' : no declaration found for redeclaration 
ERROR: 0:63: 'gl_in' : no declaration found for redeclaration 
ERROR: 0:68: 'quads' : cannot apply to 'out' 
ERROR: 0:68: 'cw' : can only apply to 'in' 
ERROR: 0:69: 'triangles' : cannot apply to 'out' 
ERROR: 0:70: 'isolines' : cannot apply to 'out' 
ERROR: 0:71: 'cw' : can only apply to 'in' 
ERROR: 0:72: 'fractional_odd_spacing' : can only apply to 'in' 
ERROR: 0:73: 'equal_spacing' : can only apply to 'in' 
ERROR: 0:74: 'fractional_even_spacing' : can only apply to 'in' 
ERROR: 0:75: 'point_mode' : can only apply to 'in' 
ERROR: 0:77: 'in' : type must be an array: ina
ERROR: 0:79: '[]' : tessellation input array size must be gl_MaxPatchVertices or implicitly sized 
ERROR: 0:80: 'gl_MaxPatchVertices' : undeclared identifier 
ERROR: 0:80: '' : array size must be a constant integer expression
ERROR: 0:80: '[]' : tessellation input array size must be gl_MaxPatchVertices or implicitly sized 
ERROR: 0:82: 'in' : type must be an array: bla
ERROR: 0:90: '[]' : tessellation input array size must be gl_MaxPatchVertices or implicitly sized 
ERROR: 0:96: '' : array size must be a constant integer expression
ERROR: 0:94: '[]' : tessellation input array size must be gl_MaxPatchVertices or implicitly sized 
ERROR: 0:100: 'location' : overlapping use of location 24
ERROR: 0:103: 'location' : overlapping use of location 24
ERROR: 0:105: 'gl_TessLevelOuter' : identifiers starting with "gl_" are reserved 
ERROR: 0:105: '[]' : tessellation input array size must be gl_MaxPatchVertices or implicitly sized 
ERROR: 0:113: 'sample' : Reserved word. 
ERROR: 0:119: 'gl_in' : undeclared identifier 
ERROR: 0:119: 'gl_in' :  left of '[' is not of type array, matrix, or vector  
ERROR: 0:119: 'scalar swizzle' : not supported with this profile: es
ERROR: 0:119: 'gl_PointSize' : vector swizzle too long 
ERROR: 0:119: 'gl_PointSize' : unknown swizzle selection 
ERROR: 0:119: 'gl_PointSize' : unknown swizzle selection 
ERROR: 0:119: 'gl_PointSize' : unknown swizzle selection 
ERROR: 0:119: 'gl_PointSize' : vector swizzle selection out of range 
ERROR: 0:120: 'gl_PointSize' : undeclared identifier 
ERROR: 0:127: 'gl_BoundingBoxOES' : undeclared identifier 
ERROR: 98 compilation errors.  No code generated.


Shader version: 310
Requested GL_ARB_separate_shader_objects
Requested GL_EXT_primitive_bounding_box
Requested GL_EXT_shader_io_blocks
Requested GL_EXT_tessellation_shader
Requested GL_OES_shader_io_blocks
Requested GL_OES_tessellation_point_size
Requested GL_OES_tessellation_shader
input primitive = quads
vertex spacing = fractional_odd_spacing
triangle order = cw
using point mode
ERROR: node is still EOpNull!
0:24  Function Definition: main( ( global void)
0:24    Function Parameters: 
0:26    Sequence
0:26      Constant:
0:26        0.000000
0:37      Sequence
0:37        move second child to first child ( temp highp float)
0:37          'ps' ( temp highp float)
0:37          Constant:
0:37            0.000000
0:38      Sequence
0:38        move second child to first child ( temp highp float)
0:38          'cd' ( temp highp float)
0:38          Constant:
0:38            0.000000
0:43      Sequence
0:43        move second child to first child ( temp highp float)
0:43          'tlo' ( temp highp float)
0:43          Constant:
0:43            0.000000
0:44      Sequence
0:44        move second child to first child ( temp highp float)
0:44          'tli' ( temp highp float)
0:44          Constant:
0:44            0.000000
0:46      'gl_Position' ( temp float)
0:47      move second child to first child ( temp highp float)
0:47        'gl_PointSize' ( temp highp float)
0:47        'ps' ( temp highp float)
0:48      move second child to first child ( temp highp float)
0:48        Constant:
0:48          0.000000
0:48        'cd' ( temp highp float)
0:117  Function Definition: pointSize2( ( global void)
0:117    Function Parameters: 
0:119    Sequence
0:119      Sequence
0:119        move second child to first child ( temp highp float)
0:119          'ps' ( temp highp float)
0:119          Constant:
0:119            0.000000
0:120      move second child to first child ( temp highp float)
0:120        'gl_PointSize' ( temp highp float)
0:120        'ps' ( temp highp float)
0:125  Function Definition: bbbad( ( global void)
0:125    Function Parameters: 
0:127    Sequence
0:127      'gl_BoundingBoxOES' ( temp float)
0:?   Linker Objects
0:?     'patchIn' ( patch in highp 4-component vector of float)
0:?     'patchOut' ( patch out highp 4-component vector of float)
0:?     'badp1' ( smooth patch in highp 4-component vector of float)
0:?     'badp2' ( flat patch in highp 4-component vector of float)
0:?     'badp3' ( noperspective patch in highp 4-component vector of float)
0:?     'badp4' ( patch sample in highp 3-component vector of float)
0:?     'ina' ( in highp 2-component vector of float)
0:?     'inb' ( in 32-element array of highp 2-component vector of float)
0:?     'inc' ( in 32-element array of highp 2-component vector of float)
0:?     'ind' ( in 32-element array of highp 2-component vector of float)
0:?     'bla' ( in block{ in highp int f})
0:?     'blb' ( in 32-element array of block{ in highp int f})
0:?     'blc' ( in 32-element array of block{ in highp int f})
0:?     'bld' ( in 32-element array of block{ in highp int f})
0:?     'ivla' (layout( location=23) in 32-element array of highp 4-component vector of float)
0:?     'ivlb' (layout( location=24) in 32-element array of highp 4-component vector of float)
0:?     'ivlc' (layout( location=24) in 32-element array of highp 4-component vector of float)
0:?     'ovla' (layout( location=23) out 2-element array of highp 4-component vector of float)
0:?     'ovlb' (layout( location=24) out 2-element array of highp 4-component vector of float)
0:?     'gl_TessLevelOuter' ( in 32-element array of highp float)
0:?     'pinbi' ( patch in block{ in highp int a})
0:?     'myColor2' ( centroid out highp 3-component vector of float)
0:?     'centr' ( centroid in 32-element array of highp 3-component vector of float)
0:?     'perSampleColor' ( sample out highp 4-component vector of float)


Linked tessellation evaluation stage:


Shader version: 310
Requested GL_ARB_separate_shader_objects
Requested GL_EXT_primitive_bounding_box
Requested GL_EXT_shader_io_blocks
Requested GL_EXT_tessellation_shader
Requested GL_OES_shader_io_blocks
Requested GL_OES_tessellation_point_size
Requested GL_OES_tessellation_shader
input primitive = quads
vertex spacing = fractional_odd_spacing
triangle order = cw
using point mode
ERROR: node is still EOpNull!
0:24  Function Definition: main( ( global void)
0:24    Function Parameters: 
0:26    Sequence
0:26      Constant:
0:26        0.000000
0:37      Sequence
0:37        move second child to first child ( temp highp float)
0:37          'ps' ( temp highp float)
0:37          Constant:
0:37            0.000000
0:38      Sequence
0:38        move second child to first child ( temp highp float)
0:38          'cd' ( temp highp float)
0:38          Constant:
0:38            0.000000
0:43      Sequence
0:43        move second child to first child ( temp highp float)
0:43          'tlo' ( temp highp float)
0:43          Constant:
0:43            0.000000
0:44      Sequence
0:44        move second child to first child ( temp highp float)
0:44          'tli' ( temp highp float)
0:44          Constant:
0:44            0.000000
0:46      'gl_Position' ( temp float)
0:47      move second child to first child ( temp highp float)
0:47        'gl_PointSize' ( temp highp float)
0:47        'ps' ( temp highp float)
0:48      move second child to first child ( temp highp float)
0:48        Constant:
0:48          0.000000
0:48        'cd' ( temp highp float)
0:?   Linker Objects
0:?     'patchIn' ( patch in highp 4-component vector of float)
0:?     'patchOut' ( patch out highp 4-component vector of float)
0:?     'badp1' ( smooth patch in highp 4-component vector of float)
0:?     'badp2' ( flat patch in highp 4-component vector of float)
0:?     'badp3' ( noperspective patch in highp 4-component vector of float)
0:?     'badp4' ( patch sample in highp 3-component vector of float)
0:?     'ina' ( in highp 2-component vector of float)
0:?     'inb' ( in 32-element array of highp 2-component vector of float)
0:?     'inc' ( in 32-element array of highp 2-component vector of float)
0:?     'ind' ( in 32-element array of highp 2-component vector of float)
0:?     'bla' ( in block{ in highp int f})
0:?     'blb' ( in 32-element array of block{ in highp int f})
0:?     'blc' ( in 32-element array of block{ in highp int f})
0:?     'bld' ( in 32-element array of block{ in highp int f})
0:?     'ivla' (layout( location=23) in 32-element array of highp 4-component vector of float)
0:?     'ivlb' (layout( location=24) in 32-element array of highp 4-component vector of float)
0:?     'ivlc' (layout( location=24) in 32-element array of highp 4-component vector of float)
0:?     'ovla' (layout( location=23) out 2-element array of highp 4-component vector of float)
0:?     'ovlb' (layout( location=24) out 2-element array of highp 4-component vector of float)
0:?     'gl_TessLevelOuter' ( in 32-element array of highp float)
0:?     'pinbi' ( patch in block{ in highp int a})
0:?     'myColor2' ( centroid out highp 3-component vector of float)
0:?     'centr' ( centroid in 32-element array of highp 3-component vector of float)
0:?     'perSampleColor' ( sample out highp 4-component vector of float)

